== fixed_rules
  fixed_rules  OFT_5   macro3=0.023  S=0.046 U=0.024 G=0.000  (0.0s)
  fixed_rules  OFT_6   macro3=0.022  S=0.014 U=0.052 G=0.000  (0.0s)
  fixed_rules  OFT_11  macro3=0.147  S=0.009 U=0.021 G=0.411  (0.0s)
  fixed_rules  OFT_12  macro3=0.018  S=0.000 U=0.055 G=0.000  (0.0s)
  fixed_rules  OFT_14  macro3=0.006  S=0.007 U=0.012 G=0.000  (0.0s)
  fixed_rules  OFT_15  macro3=0.022  S=0.000 U=0.066 G=0.000  (0.0s)
  fixed_rules  OFT_16  macro3=0.000  S=0.000 U=0.000 G=0.000  (0.0s)
  fixed_rules  OFT_23  macro3=0.022  S=0.066 U=0.000 G=0.000  (0.0s)
  fixed_rules  OFT_24  macro3=0.023  S=0.000 U=0.070 G=0.000  (0.0s)
  fixed_rules  OFT_38  macro3=0.031  S=0.016 U=0.078 G=0.000  (0.0s)
  fixed_rules  OFT_39  macro3=0.030  S=0.000 U=0.090 G=0.000  (0.0s)
  fixed_rules  OFT_41  macro3=0.029  S=0.010 U=0.078 G=0.000  (0.0s)
  fixed_rules  OFT_43  macro3=0.006  S=0.018 U=0.000 G=0.000  (0.0s)
  fixed_rules  OFT_44  macro3=0.013  S=0.038 U=0.000 G=0.000  (0.0s)
  fixed_rules  OFT_49  macro3=0.029  S=0.087 U=0.000 G=0.000  (0.0s)
  fixed_rules  OFT_50  macro3=0.003  S=0.000 U=0.010 G=0.000  (0.0s)
  fixed_rules  OFT_51  macro3=0.000  S=0.000 U=0.000 G=0.000  (0.0s)
  fixed_rules  OFT_52  macro3=0.023  S=0.069 U=0.000 G=0.000  (0.0s)
  fixed_rules  OFT_54  macro3=0.085  S=0.162 U=0.093 G=0.000  (0.0s)
  fixed_rules  OFT_58  macro3=0.011  S=0.034 U=0.000 G=0.000  (0.0s)
== tuned_rules
  tuned_rules  OFT_5   macro3=0.149  S=0.279 U=0.168 G=0.000  (34.3s)
  tuned_rules  OFT_6   macro3=0.173  S=0.215 U=0.119 G=0.183  (21.5s)
  tuned_rules  OFT_11  macro3=0.114  S=0.087 U=0.118 G=0.137  (24.7s)
  tuned_rules  OFT_12  macro3=0.151  S=0.210 U=0.242 G=0.000  (1.4s)
  tuned_rules  OFT_14  macro3=0.130  S=0.261 U=0.129 G=0.000  (25.7s)
  tuned_rules  OFT_15  macro3=0.108  S=0.151 U=0.173 G=0.000  (0.1s)
  tuned_rules  OFT_16  macro3=0.096  S=0.152 U=0.083 G=0.052  (0.1s)
  tuned_rules  OFT_23  macro3=0.107  S=0.285 U=0.036 G=0.000  (0.1s)
  tuned_rules  OFT_24  macro3=0.116  S=0.134 U=0.215 G=0.000  (1.4s)
  tuned_rules  OFT_38  macro3=0.175  S=0.172 U=0.332 G=0.021  (0.1s)
  tuned_rules  OFT_39  macro3=0.166  S=0.143 U=0.230 G=0.125  (0.1s)
  tuned_rules  OFT_41  macro3=0.187  S=0.160 U=0.187 G=0.215  (0.1s)
  tuned_rules  OFT_43  macro3=0.045  S=0.136 U=0.000 G=0.000  (1.3s)
  tuned_rules  OFT_44  macro3=0.084  S=0.167 U=0.085 G=0.000  (1.4s)
  tuned_rules  OFT_49  macro3=0.161  S=0.354 U=0.129 G=0.000  (0.1s)
  tuned_rules  OFT_50  macro3=0.116  S=0.035 U=0.166 G=0.147  (0.1s)
  tuned_rules  OFT_51  macro3=0.100  S=0.055 U=0.032 G=0.213  (0.1s)
  tuned_rules  OFT_52  macro3=0.127  S=0.312 U=0.070 G=0.000  (0.1s)
  tuned_rules  OFT_54  macro3=0.264  S=0.343 U=0.239 G=0.211  (0.1s)
  tuned_rules  OFT_58  macro3=0.162  S=0.220 U=0.075 G=0.190  (0.1s)
== tuned_rules_wide
  tuned_rules  OFT_5   macro3=0.261  S=0.562 U=0.222 G=0.000  (78.9s)
  tuned_rules  OFT_6   macro3=0.306  S=0.487 U=0.234 G=0.197  (5.8s)
  tuned_rules  OFT_11  macro3=0.270  S=0.458 U=0.196 G=0.156  (0.1s)
  tuned_rules  OFT_12  macro3=0.310  S=0.501 U=0.430 G=0.000  (0.1s)
  tuned_rules  OFT_14  macro3=0.271  S=0.500 U=0.314 G=0.000  (0.1s)
  tuned_rules  OFT_15  macro3=0.212  S=0.381 U=0.253 G=0.000  (0.2s)
  tuned_rules  OFT_16  macro3=0.191  S=0.453 U=0.119 G=0.000  (0.1s)
  tuned_rules  OFT_23  macro3=0.185  S=0.512 U=0.044 G=0.000  (0.1s)
  tuned_rules  OFT_24  macro3=0.268  S=0.449 U=0.356 G=0.000  (0.2s)
  tuned_rules  OFT_38  macro3=0.448  S=0.515 U=0.441 G=0.390  (0.1s)
  tuned_rules  OFT_39  macro3=0.287  S=0.485 U=0.353 G=0.024  (0.2s)
  tuned_rules  OFT_41  macro3=0.312  S=0.455 U=0.229 G=0.250  (0.4s)
  tuned_rules  OFT_43  macro3=0.262  S=0.510 U=0.033 G=0.242  (0.2s)
  tuned_rules  OFT_44  macro3=0.205  S=0.483 U=0.131 G=0.000  (0.1s)
  tuned_rules  OFT_49  macro3=0.280  S=0.565 U=0.275 G=0.000  (0.2s)
  tuned_rules  OFT_50  macro3=0.194  S=0.346 U=0.167 G=0.069  (0.1s)
  tuned_rules  OFT_51  macro3=0.168  S=0.333 U=0.134 G=0.037  (0.1s)
  tuned_rules  OFT_52  macro3=0.234  S=0.498 U=0.187 G=0.018  (0.1s)
  tuned_rules  OFT_54  macro3=0.297  S=0.556 U=0.304 G=0.030  (0.1s)
  tuned_rules  OFT_58  macro3=0.323  S=0.513 U=0.266 G=0.190  (0.1s)
== dt
  dt           OFT_5   macro3=0.530  S=0.829 U=0.506 G=0.255  (52.6s)
  dt           OFT_6   macro3=0.513  S=0.828 U=0.315 G=0.396  (51.0s)
  dt           OFT_11  macro3=0.488  S=0.747 U=0.515 G=0.202  (58.8s)
  dt           OFT_12  macro3=0.720  S=0.859 U=0.682 G=0.618  (54.2s)
  dt           OFT_14  macro3=0.609  S=0.832 U=0.599 G=0.397  (61.9s)
  dt           OFT_15  macro3=0.536  S=0.739 U=0.537 G=0.333  (62.6s)
  dt           OFT_16  macro3=0.553  S=0.774 U=0.351 G=0.533  (60.1s)
  dt           OFT_23  macro3=0.458  S=0.848 U=0.167 G=0.359  (65.6s)
  dt           OFT_24  macro3=0.582  S=0.841 U=0.551 G=0.355  (58.5s)
  dt           OFT_38  macro3=0.580  S=0.808 U=0.608 G=0.324  (56.1s)
  dt           OFT_39  macro3=0.663  S=0.824 U=0.630 G=0.536  (62.6s)
  dt           OFT_41  macro3=0.594  S=0.895 U=0.605 G=0.281  (58.8s)
